Attaching 1 probe...
stacktrace.rb:23:in `block in <main>'
stacktrace.rb:26:in `<main>'

